--------- beginning of system
--------- beginning of main
--------- beginning of kernel
08-27 14:27:00.341  5343 14453 I ReactNativeJS: Running "snv4-doc-acceptance-finala"
08-27 14:27:00.914  5343 14453 I ReactNativeJS: SNV4_TEST_EVENT {"schema":1,"host":"doc","phase":"check-pass","id":"cpp-scalar","actual":42}
08-27 14:27:00.915  5343 14453 I ReactNativeJS: SNV4_TEST_EVENT {"schema":1,"host":"doc","phase":"check-pass","id":"cpp-string-bool","actual":{"echoed":"cpp:nomad","inverted":true}}
08-27 14:27:00.938  5343 14453 I ReactNativeJS: SNV4_TEST_EVENT {"schema":1,"host":"doc","phase":"check-pass","id":"cpp-async","actual":"cpp-async:promise"}
08-27 14:27:00.941  5343 14453 I ReactNativeJS: SNV4_TEST_EVENT {"schema":1,"host":"doc","phase":"check-pass","id":"cpp-object","actual":{"added":42,"value":42,"info":{"type":"DeviceCounter","originFamily":"cpp"}}}
08-27 14:27:00.943  5343 14453 I ReactNativeJS: SNV4_TEST_EVENT {"schema":1,"host":"doc","phase":"check-pass","id":"jvm-string","actual":"jvm:nomad"}
08-27 14:27:00.945  5343 14453 I ReactNativeJS: SNV4_TEST_EVENT {"schema":1,"host":"doc","phase":"check-pass","id":"android-build-info","actual":{"model":"Supernote Nomad","sdk":30}}
08-27 14:27:00.972  5343 14453 I ReactNativeJS: SNV4_TEST_EVENT {"schema":1,"host":"doc","phase":"check-pass","id":"jvm-async","actual":"jvm-async:promise"}
08-27 14:27:00.973  5343 14453 I ReactNativeJS: SNV4_TEST_EVENT {"schema":1,"host":"doc","phase":"check-pass","id":"mixed-cpp-jvm","actual":"jvm:cpp:mixed"}
08-27 14:27:00.975  5343 14453 I ReactNativeJS: SNV4_TEST_EVENT {"schema":1,"host":"doc","phase":"check-pass","id":"plugin-name","actual":"snv4-doc-acceptance-finala"}
08-27 14:27:00.978  5343 14453 I ReactNativeJS: SNV4_TEST_EVENT {"schema":1,"host":"doc","phase":"check-pass","id":"plugin-private-directory","actual":"/data/user/0/com.ratta.supernote.pluginhost/files/plugins/73cfc9e1f5eae24b"}
08-27 14:27:00.979  5343 14453 I ReactNativeJS: SNV4_TEST_EVENT {"schema":1,"host":"doc","phase":"check-pass","id":"device-type","actual":5}
08-27 14:27:00.984  5343 14453 I ReactNativeJS: SNV4_TEST_EVENT {"schema":1,"host":"doc","phase":"check-pass","id":"current-file","actual":"/storage/emulated/0/Document/SNV4_Bounded_Acceptance.pdf"}
08-27 14:27:00.996  5343 14453 I ReactNativeJS: SNV4_TEST_EVENT {"schema":1,"host":"doc","phase":"check-pass","id":"current-page-handwriting","actual":{"page":0,"canHandwrite":true}}
08-27 14:27:01.007  5343 14453 I ReactNativeJS: SNV4_TEST_EVENT {"schema":1,"host":"doc","phase":"check-pass","id":"host-specific-api","actual":1}
08-27 14:27:01.045  5343 14453 I ReactNativeJS: SNV4_PERMISSION_REQUEST {"schema":1,"host":"doc","permission":"plugin.permission.FILE:READ","action":"allow_once"}
08-27 14:27:32.940  5343 14453 I ReactNativeJS: SNV4_TEST_EVENT {"schema":1,"host":"doc","phase":"check-pass","id":"permission-status-request-result","actual":{"before":0,"requested":1,"after":1,"permission":"plugin.permission.FILE:READ","action":"allow_once"}}
08-27 14:27:32.942  5343 14453 I ReactNativeJS: SNV4_TEST_RESULT {"schema":1,"suite":"v4-bounded-note-doc-final","host":"doc","pluginName":"snv4-doc-acceptance-finala","status":"pass","checks":[{"id":"cpp-scalar","status":"pass","actual":42},{"id":"cpp-string-bool","status":"pass","actual":{"echoed":"cpp:nomad","inverted":true}},{"id":"cpp-async","status":"pass","actual":"cpp-async:promise"},{"id":"cpp-object","status":"pass","actual":{"added":42,"value":42,"info":{"type":"DeviceCounter","originFamily":"cpp"}}},{"id":"jvm-string","status":"pass","actual":"jvm:nomad"},{"id":"android-build-info","status":"pass","actual":{"model":"Supernote Nomad","sdk":30}},{"id":"jvm-async","status":"pass","actual":"jvm-async:promise"},{"id":"mixed-cpp-jvm","status":"pass","actual":"jvm:cpp:mixed"},{"id":"plugin-name","status":"pass","actual":"snv4-doc-acceptance-finala"},{"id":"plugin-private-directory","status":"pass","actual":"/data/user/0/com.ratta.supernote.pluginhost/files/plugins/73cfc9e1f5eae24b"},{"id":"device-type","status":"pass","actual":5},{"id":"current-file","status":"pass","actual":"/storage/emulated/0/Document/SNV4_Bounded_Acceptance.pdf"},{"id":"current-page-handwriting","status":"pass","actual":{"page":0,"canHandwrite":true}},{"id":"host-specific-api","status":"pass","actual":1},{"id":"permission-status-request-result","status":"pass","actual":{"before":0,"requested":1,"after":1,"permission":"plugin.permission.FILE:READ","action":"allow_once"}}]}
