--------- beginning of main
--------- beginning of system
--------- beginning of kernel
08-27 14:21:59.102  5343 14014 I ReactNativeJS: Running "snv4-note-acceptance-finala"
08-27 14:21:59.630  5343 14014 I ReactNativeJS: SNV4_TEST_EVENT {"schema":1,"host":"note","phase":"check-pass","id":"cpp-scalar","actual":42}
08-27 14:21:59.631  5343 14014 I ReactNativeJS: SNV4_TEST_EVENT {"schema":1,"host":"note","phase":"check-pass","id":"cpp-string-bool","actual":{"echoed":"cpp:nomad","inverted":true}}
08-27 14:21:59.653  5343 14014 I ReactNativeJS: SNV4_TEST_EVENT {"schema":1,"host":"note","phase":"check-pass","id":"cpp-async","actual":"cpp-async:promise"}
08-27 14:21:59.656  5343 14014 I ReactNativeJS: SNV4_TEST_EVENT {"schema":1,"host":"note","phase":"check-pass","id":"cpp-object","actual":{"added":42,"value":42,"info":{"type":"DeviceCounter","originFamily":"cpp"}}}
08-27 14:21:59.660  5343 14014 I ReactNativeJS: SNV4_TEST_EVENT {"schema":1,"host":"note","phase":"check-pass","id":"jvm-string","actual":"jvm:nomad"}
08-27 14:21:59.662  5343 14014 I ReactNativeJS: SNV4_TEST_EVENT {"schema":1,"host":"note","phase":"check-pass","id":"android-build-info","actual":{"model":"Supernote Nomad","sdk":30}}
08-27 14:21:59.706  5343 14014 I ReactNativeJS: SNV4_TEST_EVENT {"schema":1,"host":"note","phase":"check-pass","id":"jvm-async","actual":"jvm-async:promise"}
08-27 14:21:59.707  5343 14014 I ReactNativeJS: SNV4_TEST_EVENT {"schema":1,"host":"note","phase":"check-pass","id":"mixed-cpp-jvm","actual":"jvm:cpp:mixed"}
08-27 14:21:59.708  5343 14014 I ReactNativeJS: SNV4_TEST_EVENT {"schema":1,"host":"note","phase":"check-pass","id":"plugin-name","actual":"snv4-note-acceptance-finala"}
08-27 14:21:59.711  5343 14014 I ReactNativeJS: SNV4_TEST_EVENT {"schema":1,"host":"note","phase":"check-pass","id":"plugin-private-directory","actual":"/data/user/0/com.ratta.supernote.pluginhost/files/plugins/8eb47c9c5590a15e"}
08-27 14:21:59.712  5343 14014 I ReactNativeJS: SNV4_TEST_EVENT {"schema":1,"host":"note","phase":"check-pass","id":"device-type","actual":5}
08-27 14:21:59.717  5343 14014 I ReactNativeJS: SNV4_TEST_EVENT {"schema":1,"host":"note","phase":"check-pass","id":"current-file","actual":"/storage/emulated/0/Note/SNV4_Bounded_Acceptance/SNV4_Bounded_NOTE.note"}
08-27 14:21:59.727  5343 14014 I ReactNativeJS: SNV4_TEST_EVENT {"schema":1,"host":"note","phase":"check-pass","id":"current-page-handwriting","actual":{"page":0,"canHandwrite":true}}
08-27 14:21:59.741  5343 14014 I ReactNativeJS: SNV4_TEST_EVENT {"schema":1,"host":"note","phase":"check-pass","id":"host-specific-api","actual":true}
08-27 14:21:59.778  5343 14014 I ReactNativeJS: SNV4_PERMISSION_REQUEST {"schema":1,"host":"note","permission":"plugin.permission.FILE:WRITE","action":"deny"}
08-27 14:22:40.548  5343 14014 I ReactNativeJS: SNV4_TEST_EVENT {"schema":1,"host":"note","phase":"check-pass","id":"permission-status-request-result","actual":{"before":0,"requested":0,"after":0,"permission":"plugin.permission.FILE:WRITE","action":"deny"}}
08-27 14:22:40.550  5343 14014 I ReactNativeJS: SNV4_TEST_RESULT {"schema":1,"suite":"v4-bounded-note-doc-final","host":"note","pluginName":"snv4-note-acceptance-finala","status":"pass","checks":[{"id":"cpp-scalar","status":"pass","actual":42},{"id":"cpp-string-bool","status":"pass","actual":{"echoed":"cpp:nomad","inverted":true}},{"id":"cpp-async","status":"pass","actual":"cpp-async:promise"},{"id":"cpp-object","status":"pass","actual":{"added":42,"value":42,"info":{"type":"DeviceCounter","originFamily":"cpp"}}},{"id":"jvm-string","status":"pass","actual":"jvm:nomad"},{"id":"android-build-info","status":"pass","actual":{"model":"Supernote Nomad","sdk":30}},{"id":"jvm-async","status":"pass","actual":"jvm-async:promise"},{"id":"mixed-cpp-jvm","status":"pass","actual":"jvm:cpp:mixed"},{"id":"plugin-name","status":"pass","actual":"snv4-note-acceptance-finala"},{"id":"plugin-private-directory","status":"pass","actual":"/data/user/0/com.ratta.supernote.pluginhost/files/plugins/8eb47c9c5590a15e"},{"id":"device-type","status":"pass","actual":5},{"id":"current-file","status":"pass","actual":"/storage/emulated/0/Note/SNV4_Bounded_Acceptance/SNV4_Bounded_NOTE.note"},{"id":"current-page-handwriting","status":"pass","actual":{"page":0,"canHandwrite":true}},{"id":"host-specific-api","status":"pass","actual":true},{"id":"permission-status-request-result","status":"pass","actual":{"before":0,"requested":0,"after":0,"permission":"plugin.permission.FILE:WRITE","action":"deny"}}]}
